CREATE TABLE country(
	prk_country_id INT PRIMARY KEY,
	capital_id INT,
	city1_id INT,
	city2_id INT,
	name NVARCHAR,
	population INT
);

CREATE TABLE capital(
	prk_capital_id INT PRIMARY KEY,
	value NTEXT
);

CREATE TABLE city(
	prk_city_id INT PRIMARY KEY,
	value NTEXT
);

