CREATE TABLE a(
  prk_a_id INT PRIMARY KEY,
  bk BIT
);

