CREATE TABLE y(
   prk_y_id INT PRIMARY KEY
);

CREATE TABLE b(
   prk_b_id INT PRIMARY KEY,
   b_id INT,
   y_id INT,
   z_id INT,
   x_id INT
);

CREATE TABLE z(
   prk_z_id INT PRIMARY KEY
);

CREATE TABLE x(
   prk_x_id INT PRIMARY KEY
);

CREATE TABLE f(
   prk_f_id INT PRIMARY KEY
);

CREATE TABLE a(
   prk_a_id INT PRIMARY KEY,
   b1_id INT,
   b2_id INT,
   c_id INT
);

CREATE TABLE d(
   prk_d_id INT PRIMARY KEY
);

CREATE TABLE c(
   prk_c_id INT PRIMARY KEY,
   e_id INT,
   d_id INT,
   f_id INT
);

CREATE TABLE e(
   prk_e_id INT PRIMARY KEY
);

