CREATE TABLE a(
   prk_a_id INT PRIMARY KEY,
   b_id INT,
   c_id INT,
   nvarchar NVARCHAR,
   attribute INT
);

CREATE TABLE b(
   prk_b_id INT PRIMARY KEY,
   bool BIT,
   float FLOAT,
   integer INT
);

CREATE TABLE c(
   prk_c_id INT PRIMARY KEY,
   value FLOAT
);

