CREATE TABLE a(
  prk_a_id INT PRIMARY KEY,
  c_id INT,
  b_id INT
);

CREATE TABLE c(
  prk_c_id INT PRIMARY KEY,
  value FLOAT
);

CREATE TABLE b(
  prk_b_id INT PRIMARY KEY
);

