<?xml version="1.0" encoding="UTF-8"?>
<tables>
   <table name="xml">
      <relation to="xml" relation_type="1:1" />
      <relation to="table" relation_type="N:1" />
      <relation to="data" relation_type="N:1" />
      <relation to="col" relation_type="N:1" />
      <relation to="row" relation_type="N:1" />
   </table>
   <table name="table">
      <relation to="table" relation_type="1:1" />
      <relation to="xml" relation_type="1:N" />
      <relation to="data" relation_type="N:M" />
      <relation to="col" relation_type="N:1" />
      <relation to="row" relation_type="N:M" />
   </table>
   <table name="data">
      <relation to="data" relation_type="1:1" />
      <relation to="xml" relation_type="1:N" />
      <relation to="table" relation_type="N:M" />
      <relation to="col" relation_type="N:M" />
      <relation to="row" relation_type="N:1" />
   </table>
   <table name="col">
      <relation to="col" relation_type="1:1" />
      <relation to="xml" relation_type="1:N" />
      <relation to="table" relation_type="1:N" />
      <relation to="data" relation_type="N:M" />
      <relation to="row" relation_type="N:M" />
   </table>
   <table name="row">
      <relation to="row" relation_type="1:1" />
      <relation to="xml" relation_type="1:N" />
      <relation to="table" relation_type="N:M" />
      <relation to="data" relation_type="1:N" />
      <relation to="col" relation_type="N:M" />
   </table>
</tables>