CREATE TABLE b(
   prk_b_id INT PRIMARY KEY,
   a_id INT,
   integer INT,
   bool BIT,
   float FLOAT
);

CREATE TABLE a(
   prk_a_id INT PRIMARY KEY,
   c_id INT,
   nvarchar NVARCHAR,
   attribute INT
);

CREATE TABLE c(
   prk_c_id INT PRIMARY KEY,
   value FLOAT
);

